[  0.00000] italizincgup subsys cpuset
[   00000] Initializingcgup suyscp
  0.0000 Iitiaizg groupubs cpac
    0.000] Lin vrson .4-16-generc uiddlg01-amd64-021) (gc verio 5.00160609 butu 5.0-ubtu~16.04.9 )#1-UbutuSM MonFe1221:2304TC208 butu.4-116.14geer 4.98)
[   00000]oman le:BOT_AG=/oovminuz-4.-16-genicrootABELlodimgoos roonle=tt1 onole=ttyS0
[    0.000000] KNE suppoedcpus
[   0.00]   nt GnuineIntel
[    0.000000]   AMD AuthtiAM
  0.0000  Ceta CntauHas
[  .00000x8/fpu xta_offse[2  576xste_sizs[]:  256
   0000000] x86/fpu:Suorting XAVfeture 01:x87 foangpontegsters
   000000]x8/fpu Sporting XSAE aturex0: SSreiste'[    .000] 86pu Supprtg SAE atre0x: AV riser'[    0.000000 x6/fp Ebledxsatfeatus x7, cte size s 2 bytes uin 'anrd' rm.
[  00000] 6/fpu:si 'lazy' FPU contxtwiche.    00000 e82: OSproidd phsial RAM map:
[    0.00000] BOSe820: mem 0x0000000000000000-0x000000000009fbff] usable
[    0.000000] BIOS-e82: [mem 0x000000000009fc00-0x000000000009ffff] reserved
[    0.000000 BOS-e820:[mm 0x00000000000f0000-0x00000000000fffff] reserved
[    0.00000]BIOS-e820: [mem 0x0000000000100000-0x000000003ffeff] usable
[   .000000 BIOS-e820: [mm 0x00000003ff000-0x0000003fffffff] ACPI data
    0.000000] BIOS-e820: [mem 0x00000000fec00000-0x00000000fc00fff] reserved
[    0.000000] BIOS-e820: [mem 0x00000000fee00000-0x00000000fee00fff]reserved
[    0.000000] BIOS-e820: [mem 0x0000000fffc0000-0x00000000fffffff] reserved
[    0.000000] NX (Execute Diable) protection: acive
[    .000000] MBIOS2.5 present.
[    0.000000] Hypervisor detected: KVM
[    0.00000] 820: last_pfn = 0x3fff0 max_arch_pfn = 0x400000000
[    0.000000] MTRR: Disabled
[    .000000] x86/PAT: MTRRs disabled, skipping AT iitializatio too
[    0.000000 CPU MTRRs all blank - virtualized ystem
    0.00000] 86/PAT Cnfigraton [-7: WB  WT  UC- UC WB W U UC  [  0.000] ou SP MP-tablet mem 000ff0-x09fff mpp atffff00009ff][   0.000]Scnning 1 aeas or lomeor corruption
[  0000000]AMISK: [mem 36c000x3557fff]
[   0.000]CP Early ab cecks vrifiti disaed
[   .00000] ACPI: RSDP0x00000000E00 0004 v02 VX )
  0.0000 AI: XDT 0x000000003FFF0030 00003C (01 VOX   BOSDT 000000 ASL  0000006)
[   .000000] ACPI: FACP 0x00000003FFF000 00F4 v0VBOX   VOXCP 00001 AS  00061)
[    0.000000 AI:DST 000000FF47 01F (v0 VX  VBBIS 000000INL 01528)
    0.00000ACI: FAC 00000003FF0200 0040
    0.000000] ACPI: FACS 0x000000003FFF0200 000040
[   00.000] APIAPC x0000003FF4000005(v2 VBOX  BOXPI 0000001SL 00000)
[   000000] PI SSDT 0x000000003FF020 0001C (01 VBO   VBOXCPUT 00000002 INTL 201000528)[   0.0000] No NUMA configuraiofound   0.000]Fang a node at [me 0000000000000-000000003ffffff]
[   0.0000] NODDA(0) aoced [emx3ffb0-03ffeff]
[  0.0000] vmlok:Usg sr 464d1 and4b4d0[   .000000] kvm-oc: pu 0, msr 0:3ffe3001, prirycpu clck
[   00000] kvmclk: usig hed ofetf 3704572301 cycles
[    0.000000] clocksource: kvm-clock: mask: 0xffffffffffffffff max_cycle: 0xd4e4dfb, axidle_ns:8890914 n
[   0.000] Zneanges:
[    0.000000  MA      [mem 0x0000000000001000-0x0000000ffff]
[    0.000000]   DMA32    [mem0x00000001000000-0x000000003feff
[   000000]  rmal emty
[    0.000000]   Device   empty
[    0.000000] Movable zone start for each node
[    0.000000] Early memory deranges
[   000000]   node   0: [m 00000000001000-0x000000000009efff]
[    0.000000]   node   0:[mm 0x0000000000000x000000003ffeffff]
[    0.000000] Initmem setup node 0 [mem 0x0000000000001000-x00000003efff]    0000] ACPI: PM-Timer IO Port: 0x4008
[    0.000000] IOAPIC[0]: apic_id 2, vsin 32, adrs xfe000,GSI 0-23[   0.00000 API: INT_SRC_OVR (bus 0 bus_irq 0 lol_rq dfdfl)
[    0.00000ACPI: INTRCOV (bu0 s_irq 9loal_ir9 owlevel)
[   .000000] Using AC (MADT) for SMPcofiguration innfortin
[    0000] mpot Allowing 2CP, 0 hpl CPUs
  0.00000 P: Reisered nosve mmo: [mem x0000000-0x00000fff]
[   .00000]PM: Regstred ose emor: me 0x00f00-0x0009ffff]
[   00000] PM: Regiteed nosave memory: [mem0x00000-0x000ff
[    0.0000 PM: gistre novememory: [mem 0x000f00-x00fff]
[    0000] e82: me 040000-0fefff] available for PI vices
  0.0000] oting paravirtualized kernel on KVM
[    0.000000] clocksource: refined-jiffies: mask: 0xffffffmax_cycles: 0xffffffff, max_idle_ns: 764559621568 ns[  0.00000setupepu: _CPUS:2 nr_puask_bit:5 nr_cpu_s: nr_no_is:1
[   .000] PERPU Eedded 4 page/cu fff800fc00000 s99544 r8192 d31528u14876[   0.00000PV qpioc hah ble entri: 6 (orr:, 409bytes)
[    0.000000] Built 1 zonelists n Nodeorer mobily roupinon  otal pes257913
[   000000Poic zon: A32
  0.00000]erl comndine: BOOT_IMAAGE=bo/vmlin-44.-116enic rotABL=couimrootfroonsoe=y1console=ttyS0
[    0.000000] PID hash table entries: 4096 (order: 3, 32768 bytes)
[    0.000000] Memory: 014K/1810Kavailabe (8530K erl coe,30K wdta3992 rat, 158Kni, 16bss,64K reerd,0K cmarervd)
  0.000] UB: Wagn64, rd=03, MnOects, Us=2 Nes1   0.0000]Kernl/erpage bls isatio ebled
[    0.00] HiaricalRCimplemntio.   00000 	ui-tme ajumet ofle fanot  6.
[  00000	RCUreriti CUs rom _CUS512 o r_pu_is=
[  00000] RCU:Adstng gmery r u_fanot_af=6 ncpu_ds
    .000] NRIR:33024nrrq:44016
[  0.0000] onle: lor GA+ 825
[   0.000] conle[t1]nabld    .000] cosoe [ttyS0]enled[  0.000000] tsc: Detected 2700.000 MHz processor
[   23.826094] Calibrating delay loop (skipped) preset value.. 5400.00 BogoMIPS (lpj=10800000)
[   23987395] pid_max: default: 32768 minimum: 301
[   24.093831] ACPI: Core revision 20150930
[   24.123871] ACPI: 2 ACPI AML tables successfully acquired and loaded
[   24.187328] Security Framework initialized
[   24.208791] Yama: becoming mindful.
[   24.210345] AppArmor: AppArmor initialized
[   24.274202] Dentry cache hash table entries: 131072 (order: 8, 1048576 bytes)
[   24.310086] Inode-cache hash table entries: 65536 (order: 7, 524288 bytes)
[   24.364292] Mount-cache hash table entries: 2048 (order: 2, 16384 bytes)
[   24.387783] Mountpoint-cache hash table entries: 2048 (order: 2, 16384 bytes)
[   24.435355] Initializing cgroup subsys io
[   24.498540] Initializing cgroup subsys memory
[   24.527239] Initializing cgroup subsys devices
[   24.528821] Initializing cgroup subsys freezer
[   24.546324] Initializing cgroup subsys net_cls
[   24.579189] Initializing cgroup subsys perf_event
[   24.602978] Initializing cgroup subsys net_prio
[   24.638070] Initializing cgroup subsys hugetlb
[   24.656356] Initializing cgroup subsys pids
[   24.667408] CPU: Physical Processor ID: 0
[   24.710227] CPU: Processor Core ID: 0
[   24.727135] FEATURE SPEC_CTRL Not Present
[   24.761310] mce: CPU supports 0 MCE banks
[   24.791709] Last level iTLB entries: 4KB 64, 2MB 8, 4MB 8
[   24.831389] Last level dTLB entries: 4KB 64, 2MB 0, 4MB 0, 1GB 4
[   24.898241] Spectre V2 mitigation: Mitigation: Full generic retpoline
[   25.013710] Spectre V2 mitigation: Speculation control IBPB not-supported IBRS not-supported
[   25.188529] Freeing SMP alternatives memory: 32K
[   25.271596] ftrace: allocating 32186 entries in 126 pages
[   25.406148] smpboot: APIC(0) Converting physical 0 to logical package 0
[   25.521716] smpboot: Max logical packages: 1
[   25.610425] x2apic enabled
[   25.675358] Switched APIC routing to physical x2apic.
[   25.743960] ..TIMER: vector=0x30 apic1=0 pin1=2 apic2=-1 pin2=-1
[   25.961961] smpboot: CPU0: Intel(R) Core(TM) i5-5257U CPU @ 2.70GHz (family: 0x6, model: 0x3d, stepping: 0x4)
[   26.128015] Performance Events: unsupported p6 CPU model 61 no PMU driver, software events only.
[   26.282821] KVM setup paravirtual spinlock
[   26.367523] x86: Booting SMP configuration:
[   26.428389] .... node  #0, CPUs:      #1
[   26.501884] kvm-clock: cpu 1, msr 0:3ffe3041, secondary cpu clock
[   26.521378] mce: CPU supports 0 MCE banks
[   26.593701] x86: Booted up 1 node, 2 CPUs
[   26.646913] smpboot: Total of 2 processors activated (10800.00 BogoMIPS)
[   26.649633] devtmpfs: initialized
[   26.695323] evm: security.selinux
[   26.703476] evm: security.SMACK64
[   26.749792] evm: security.SMACK64EXEC
[   26.788065] evm: security.SMACK64TRANSMUTE
[   26.815593] evm: security.SMACK64MMAP
[   26.879861] evm: security.ima
[   26.913347] evm: security.capability
[   26.951861] clocksource: jiffies: mask: 0xffffffff max_cycles: 0xffffffff, max_idle_ns: 7645041785100000 ns
[   26.978334] futex hash table entries: 512 (order: 3, 32768 bytes)
[   26.998495] pinctrl core: initialized pinctrl subsystem
[   27.012567] RTC time: 20:57:36, date: 04/04/18
[   27.020800] NET: Registered protocol family 16
[   27.047113] cpuidle: using governor ladder
[   27.065922] cpuidle: using governor menu
[   27.108136] PCCT header not found.
[   27.118367] ACPI: bus type PCI registered
[   27.123494] acpiphp: ACPI Hot Plug PCI Controller Driver version: 0.5
[   27.141116] PCI: Using configuration type 1 for base access
[   27.192530] ACPI: Added _OSI(Module Device)
[   27.240118] ACPI: Added _OSI(Processor Device)
[   27.274655] ACPI: Added _OSI(3.0 _SCP Extensions)
[   27.302901] ACPI: Added _OSI(Processor Aggregator Device)
[   27.316835] ACPI: Executed 1 blocks of module-level executable AML code
[   27.379592] ACPI: Interpreter enabled
[   27.426630] ACPI: (supports S0 S5)
[   27.469708] ACPI: Using IOAPIC for interrupt routing
[   27.542928] PCI: Using host bridge windows from ACPI; if necessary, use "pci=nocrs" and report a bug
[   27.550692] ACPI: PCI Root Bridge [PCI0] (domain 0000 [bus 00-ff])
[   27.575458] acpi PNP0A03:00: _OSC: OS supports [ASPM ClockPM Segments MSI]
[   27.577797] acpi PNP0A03:00: _OSC: not requesting OS control; OS requires [ExtendedConfig ASPM ClockPM MSI]
[   27.671009] acpi PNP0A03:00: fail to add MMCONFIG information, can't access extended PCI configuration space under this bridge.
[   27.815680] PCI host bridge to bus 0000:00
[   27.860109] pci_bus 0000:00: root bus resource [io  0x0000-0x0cf7 window]
[   27.956496] pci_bus 0000:00: root bus resource [io  0x0d00-0xffff window]
[   28.039207] pci_bus 0000:00: root bus resource [mem 0x000a0000-0x000bffff window]
[   28.057044] pci_bus 0000:00: root bus resource [mem 0x40000000-0xfdffffff window]
[   28.088251] pci_bus 0000:00: root bus resource [bus 00-ff]
[   28.093506] pci 0000:00:01.1: legacy IDE quirk: reg 0x10: [io  0x01f0-0x01f7]
[   28.144928] pci 0000:00:01.1: legacy IDE quirk: reg 0x14: [io  0x03f6]
[   28.191205] pci 0000:00:01.1: legacy IDE quirk: reg 0x18: [io  0x0170-0x0177]
[   28.242571] pci 0000:00:01.1: legacy IDE quirk: reg 0x1c: [io  0x0376]
[   28.325079] pci 0000:00:07.0: quirk: [io  0x4000-0x403f] claimed by PIIX4 ACPI
[   28.428505] pci 0000:00:07.0: quirk: [io  0x4100-0x410f] claimed by PIIX4 SMB
[   28.524605] ACPI: PCI Interrupt Link [LNKA] (IRQs 5 9 10 *11)
[   28.584637] ACPI: PCI Interrupt Link [LNKB] (IRQs 5 9 *10 11)
[   28.610974] ACPI: PCI Interrupt Link [LNKC] (IRQs 5 *9 10 11)
[   28.672336] ACPI: PCI Interrupt Link [LNKD] (IRQs 5 9 10 *11)
[   28.738667] ACPI: Enabled 2 GPEs in block 00 to 07
[   28.783721] vgaarb: setting as boot device: PCI:0000:00:02.0
[   28.862647] vgaarb: device added: PCI:0000:00:02.0,decodes=io+mem,owns=io+mem,locks=none
[   28.979122] vgaarb: loaded
[   28.980162] vgaarb: bridge control possible 0000:00:02.0
[   29.024666] SCSI subsystem initialized
[   29.081517] ACPI: bus type USB registered
[   29.112395] usbcore: registered new interface driver usbfs
[   29.151069] usbcore: registered new interface driver hub
[   29.213082] usbcore: registered new device driver usb
[   29.242092] PCI: Using ACPI for IRQ routing
[   29.297059] NetLabel: Initializing
[   29.354617] NetLabel:  domain hash size = 128
[   29.400389] NetLabel:  protocols = UNLABELED CIPSOv4
[   29.447420] NetLabel:  unlabeled traffic allowed by default
[   29.503680] amd_nb: Cannot enumerate AMD northbridges
[   29.516430] clocksource: Switched to clocksource kvm-clock
[   2.5712]ppmo AArr leysm abd  0.0980] pnp: PnP ACP iit[  33330pn: P PIfond3 vis
[   30.914364] clocksource: acpi_pm: mask: 0xffffff max_cycles: 0xffffff, max_idle_ns: 2085701024 ns
[   31.042888] NET: Registered protocol family 2
[   31.086627] TCP established hash table entries: 8192 (order: 4, 65536 bytes)
[   31.203618] TCP bind hash table entries: 8192 (order: 5, 131072 bytes)
[   31.290199] TCP: Hash tables configured (established 8192 bind 8192)
[   31.378125] UDP hash table entries: 512 (order: 2, 16384 bytes)
[   31.401672] UDP-Lite hash table entries: 512 (order: 2, 16384 bytes)
[   31.442967] NET: Registered protocol family 1
[   31.448133] pci 0000:00:00.0: Limiting direct PCI/PCI transfers
[   31.480884] pci 0000:00:01.0: Activating ISA DMA hang workarounds
[   31.521472] Unpacking initramfs...
[   33.538782] Freeing initrd memory: 10848K
[   33.569307] RAPL PMU detected, API unit is 2^-32 Joules, 4 fixed counters 10737418240 ms ovfl timer
[   33.665182] hw unit of domain pp0-core 2^-0 Joules
[   33.693547] hw unit of domain package 2^-0 Joules
[   33.699731] hw unit of domain dram 2^-0 Joules
[   33.711031] hw unit of domain pp1-gpu 2^-0 Joules
[   33.730075] platform rtc_cmos: registered platform RTC device (no PNP device found)
[   33.750108] Scanning for low memory corruption every 60 seconds
[   33.777078] audit: initializing netlink subsys (disabled)
[   33.861806] audit: type=2000 audit(1522875440.260:1): initialized
[   33.909927] Initialise system trusted keyring
[   33.952931] HugeTLB registered 2 MB page size, pre-allocated 0 pages
[   34.079184] zbud: loaded
[   34.100000] VFS: Disk quotas dquot_6.6.0
[   34.157421] VFS: Dquot-cache hash table entries: 512 (order 0, 4096 bytes)
[   34.211797] squashfs: version 4.0 (2009/01/31) Phillip Lougher
[   34.261470] fuse init (API version 7.23)
[   34.266052] Key type big_key registered
[   34.271743] Allocating IMA MOK and blacklist keyrings.
[   34.283101] Key type asymmetric registered
[   34.300780] Asymmetric key parser 'x509' registered
[   34.338501] Block layer SCSI generic (bsg) driver version 0.4 loaded (major 249)
[   34.359826] io scheduler noop registered
[   34.411804] io scheduler deadline registered (default)
[   34.421834] io scheduler cfq registered
[   34.456932] pci_hotplug: PCI Hot Plug PCI Core version: 0.5
[   34.492740] pciehp: PCI Express Hot Plug Controller Driver version: 0.4
[   34.534712] ACPI: AC Adapter [AC] (on-line)
[   34.547660] input: Power Button as /devices/LNXSYSTM:00/LNXPWRBN:00/input/input0
[   34.602090] ACPI: Power Button [PWRF]
[   34.626671] input: Sleep Button as /devices/LNXSYSTM:00/LNXSLPBN:00/input/input1
[   34.663014] ACPI: Sleep Button [SLPF]
[   34.709641] GHES: HEST is not enabled!
[   34.710786] ACPI: Battery Slot [BAT0] (battery present)
[   34.761516] tsc: Refined TSC clocksource calibration: 2699.869 MHz
[   34.815413] clocksource: tsc: mask: 0xffffffffffffffff max_cycles: 0x26eac2bb506, max_idle_ns: 440795252388 ns
[   34.872400] Serial: 8250/16550 driver, 32 ports, IRQ sharing enabled
[   34.908773] 00:02: ttyS0 at I/O 0x3f8 (irq = 4, base_baud = 115200) is a 16550A
[   34.932829] Linux agpgart interface v0.103
[   34.961855] loop: module loaded
[   34.962659] scsi host0: ata_piix
[   34.962747] scsi host1: ata_piix
[   34.962790] ata1: PATA max UDMA/33 cmd 0x1f0 ctl 0x3f6 bmdma 0xd000 irq 14
[   34.962792] ata2: PATA max UDMA/33 cmd 0x170 ctl 0x376 bmdma 0xd008 irq 15
[   34.962909] libphy: Fixed MDIO Bus: probed
[   34.962912] tun: Universal TUN/TAP device driver, 1.6
[   34.962913] tun: (C) 1999-2004 Max Krasnyansky <maxk@qualcomm.com>
[   34.963515] PPP generic driver version 2.4.2
[   34.963636] ehci_hcd: USB 2.0 'Enhanced' Host Controller (EHCI) Driver
[   34.963644] ehci-pci: EHCI PCI platform driver
[   34.963673] ehci-platform: EHCI generic platform driver
[   34.963684] ohci_hcd: USB 1.1 'Open' Host Controller (OHCI) Driver
[   34.963688] ohci-pci: OHCI PCI platform driver
[   34.963700] ohci-platform: OHCI generic platform driver
[   34.963710] uhci_hcd: USB Universal Host Controller Interface driver
[   34.963791] i8042: PNP: PS/2 Controller [PNP0303:PS2K,PNP0f03:PS2M] at 0x60,0x64 irq 1,12
[   34.964424] serio: i8042 KBD port at 0x60,0x64 irq 1
[   34.964436] serio: i8042 AUX port at 0x60,0x64 irq 12
[   34.964876] mousedev: PS/2 mouse device common for all mice
[   34.965277] input: AT Translated Set 2 keyboard as /devices/platform/i8042/serio0/input/input2
[   34.965834] rtc_cmos rtc_cmos: rtc core: registered rtc_cmos as rtc0
[   34.965918] rtc_cmos rtc_cmos: alarms up to one day, 114 bytes nvram
[   34.965938] i2c /dev entries driver
[   34.966195] device-mapper: uevent: version 1.0.3
[   34.966392] device-mapper: ioctl: 4.34.0-ioctl (2015-10-28) initialised: dm-devel@redhat.com
[   34.966432] ledtrig-cpu: registered to indicate activity on CPUs
[   34.967172] NET: Registered protocol family 10
[   34.967576] NET: Registered protocol family 17
[   34.967598] Key type dns_resolver registered
[   34.968428] microcode: CPU0 sig=0x306d4, pf=0x40, revision=0x0
[   34.991228] microcode: CPU1 sig=0x306d4, pf=0x40, revision=0x0
[   34.991354] microcode: Microcode Update Driver: v2.01 <tigran@aivazian.fsnet.co.uk>, Peter Oruba
[   34.991694] registered taskstats version 1
[   34.991999] Loading compiled-in X.509 certificates
[   34.993226] Loaded X.509 cert 'Build time autogenerated kernel key: aa84f01984fbd529c105810b59e379d349698248'
[   34.993290] zswap: loaded using pool lzo/zbud
[   34.996564] Key type trusted registered
[   35.003781] Key type encrypted registered
[   35.003791] AppArmor: AppArmor sha1 policy hashing enabled
[   35.003796] ima: No TPM chip found, activating TPM-bypass!
[   35.003830] evm: HMAC attrs: 0x1
[   35.005545]   Magic number: 14:850:1002
[   35.010480] rtc_cmos rtc_cmos: setting system clock to 2018-04-04 20:57:44 UTC (1522875464)
[   35.011611] BIOS EDD facility v0.16 2004-Jun-25, 0 devices found
[   35.011612] EDD information not available.
[   37.252781] Freeing unused kernel memory: 1508K
[   38.278300] Write protecting the kernel read-only data: 14336k
[   38.323722] Freeing unused kernel memory: 1700K
[   38.335441] Freeing unused kernel memory: 104K
Loading, please wait...
starting version[   38.389022] random: systemd-udevd: uninitialized urandom read (16 bytes read, 9 bits of entropy available)
 229
[   38.390380] random: udevadm: uninitialized urandom read (16 bytes read, 9 bits of entropy available)
[   38.390414] random: udevadm: uninitialized urandom read (16 bytes read, 9 bits of entropy available)
[   38.413899] random: udevadm: uninitialized urandom read (16 bytes read, 9 bits of entropy available)
[   38.413961] random: udevadm: uninitialized urandom read (16 bytes read, 9 bits of entropy available)
[   38.414142] random: udevadm: uninitialized urandom read (16 bytes read, 9 bits of entropy available)
[   38.414325] random: udevadm: uninitialized urandom read (16 bytes read, 9 bits of entropy available)
[   38.414414] random: udevadm: uninitialized urandom read (16 bytes read, 9 bits of entropy available)
[   38.414536] random: udevadm: uninitialized urandom read (16 bytes read, 9 bits of entropy available)
[   38.414751] random: udevadm: uninitialized urandom read (16 bytes read, 9 bits of entropy available)
[   39.244501] Fusion MPT base driver 3.04.20
[   39.250296] Copyright (c) 1999-2008 LSI Corporation
[   39.260015] e1000: Intel(R) PRO/1000 Network Driver - version 7.3.21-k8-NAPI
[   39.266686] e1000: Copyright (c) 1999-2006 Intel Corporation.
[   39.286237] Fusion MPT SPI Host driver 3.04.20
[   39.311359] AVX2 version of gcm_enc/dec engaged.
[   39.377153] AES CTR mode by8 optimization enabled
[   39.474687] input: ImExPS/2 Generic Explorer Mouse as /devices/platform/i8042/serio1/input/input4
[   39.930773] e1000 0000:00:03.0 eth0: (PCI:33MHz:32-bit) 02:24:89:81:87:2f
[   39.946393] e1000 0000:00:03.0 eth0: Intel(R) PRO/1000 Network Connection
[   39.953946] mptbase: ioc0: Initiating bringup
[   40.032707] ioc0: LSI53C1030 A0: Capabilities={Initiator}
[   40.225266] scsi host2: ioc0: LSI53C1030 A0, FwRev=00000000h, Ports=1, MaxQ=256, IRQ=20
[   40.373808] scsi 2:0:0:0: Direct-Access     VBOX     HARDDISK         1.0  PQ: 0 ANSI: 5
[   40.446017] scsi target2:0:0: Beginning Domain Validation
[   40.495713] scsi target2:0:0: Domain Validation skipping write tests
[   40.528240] scsi target2:0:0: Ending Domain Validation
[   40.544369] scsi target2:0:0: asynchronous
[   40.550642] scsi 2:0:1:0: Direct-Access     VBOX     HARDDISK         1.0  PQ: 0 ANSI: 5
[   40.565799] scsi target2:0:1: Beginning Domain Validation
[   40.574447] scsi target2:0:1: Domain Validation skipping write tests
[   40.594217] scsi target2:0:1: Ending Domain Validation
[   40.614841] scsi target2:0:1: asynchronous
[   40.645408] sd 2:0:0:0: Attached scsi generic sg0 type 0
[   40.682677] sd 2:0:0:0: [sda] 20971520 512-byte logical blocks: (10.7 GB/10.0 GiB)
[   40.697153] sd 2:0:0:0: [sda] Write Protect is off
[   40.715916] sd 2:0:1:0: [sdb] 20480 512-byte logical blocks: (10.5 MB/10.0 MiB)
[   40.878023] sd 2:0:1:0: Attached scsi generic sg1 type 0
[   40.966458] sd 2:0:0:0: [sda] Incomplete mode parameter data
[   40.999927] sd 2:0:0:0: [sda] Assuming drive cache: write through
[   41.055765] sd 2:0:1:0: [sdb] Write Protect is off
[   41.063265] sd 2:0:1:0: [sdb] Incomplete mode parameter data
[   41.070381] e1000 0000:00:08.0 eth1: (PCI:33MHz:32-bit) 08:00:27:43:81:1e
[   41.070388] e1000 0000:00:08.0 eth1: Intel(R) PRO/1000 Network Connection
[   41.099286] e1000 0000:00:08.0 enp0s8: renamed from eth1
[   41.135810] sd 2:0:1:0: [sdb] Assuming drive cache: write through
[   41.141677]  sda: sda1
[   41.147990] sd 2:0:1:0: [sdb] Attached SCSI disk
[   41.179806] e1000 0000:00:03.0 enp0s3: renamed from eth0
[   41.232165] sd 2:0:0:0: [sda] Attached SCSI disk
[   42.305420] floppy0: no floppy controllers found
Begin: Loading e[   43.719310] md: linear personality registered for level -1
ssential drivers[   43.825411] md: multipath personality registered for level -4
 ... [   43.906700] md: raid0 personality registered for level 0
[   43.983229] md: raid1 personality registered for level 1
[   44.132480] raid6: sse2x1   gen()  7640 MB/s
[   44.240736] raid6: sse2x1   xor()  5768 MB/s
[   44.332992] raid6: sse2x2   gen()  5518 MB/s
[   44.464536] raid6: sse2x2   xor()  6661 MB/s
[   44.580639] raid6: sse2x4   gen()  9400 MB/s
[   44.701001] raid6: sse2x4   xor()  6989 MB/s
[   44.832515] raid6: avx2x1   gen() 12458 MB/s
[   44.932464] raid6: avx2x2   gen() 11722 MB/s
[   45.024538] raid6: avx2x4   gen() 15724 MB/s
[   45.069402] raid6: using algorithm avx2x4 gen() 15724 MB/s
[   45.113731] raid6: using avx2x2 recovery algorithm
[   45.168859] xor: automatically using best checksumming function:
[   45.236528]    avx       : 16929.000 MB/sec
[   45.334295] async_tx: api initialized (async)
[   45.419114] md: raid6 personality registered for level 6
[   45.498188] md: raid5 personality registered for level 5
[   45.526748] md: raid4 personality registered for level 4
[   45.554360] md: raid10 personality registered for level 10
done.
Begin: Running /scripts/init-premount ... done.
Begin: Mounting root fil[   45.633401] Btrfs loaded
e system ... Begin: Running /scripts/local-top ... done.
Begin:[   45.690507] EXT4-fs (sda1): mounted filesystem with ordered data mode. Opts: (null)
 Running /scripts/local-premount ... Scanning for Btrfs filesystems
done.
Warning: fsck not present, so skipping root file system
done.
Begin: Running /scripts/local-bottom ... done.
Begin: Running /scripts/init-bottom ... done.
[   45.984917] systemd[1]: systemd 229 running in system mode. (+PAM +AUDIT +SELINUX +IMA +APPARMOR +SMACK +SYSVINIT +UTMP +LIBCRYPTSETUP +GCRYPT +GNUTLS +ACL +XZ -LZ4 +SECCOMP +BLKID +ELFUTILS +KMOD -IDN)
[   46.119819] systemd[1]: Detected virtualization oracle.
[   46.133191] systemd[1]: Detected architecture x86-64.

Welcome to [1mUbuntu 16.04.4 LTS[0m!

[   46.177813] systemd[1]: Set hostname to <srv-eva1>.
[   46.465157] systemd[1]: Created slice System Slice.
[[0;32m  OK  [0m] Created slice System Slice.
[   46.515076] systemd[1]: Listening on LVM2 metadata daemon socket.
[[0;32m  OK  [0m] Listening on LVM2 metadata daemon socket.
[   46.581562] systemd[1]: Listening on Syslog Socket.
[[0;32m  OK  [0m] Listening on Syslog Socket.
[   46.620634] systemd[1]: Started Forward Password Requests to Wall Directory Watch.
[[0;32m  OK  [0m] Started Forward Password Requests to Wall Directory Watch.
[   46.683328] systemd[1]: Listening on Journal Socket (/dev/log).
[[0;32m  OK  [0m] Listening on Journal Socket (/dev/log).
[   46.753567] systemd[1]: Created slice User and Session Slice.
[[0;32m  OK  [0m] Created slice User and Session Slice.
[   46.842040] systemd[1]: Listening on udev Control Socket.
[[0;32m  OK  [0m] Listening on udev Control Socket.
[   46.909096] systemd[1]: Listening on udev Kernel Socket.
[[0;32m  OK  [0m] Listening on udev Kernel Socket.
[   47.005523] systemd[1]: Listening on Journal Socket.
[[0;32m  OK  [0m] Listening on Journal Socket.
[   47.078573] random: nonblocking pool is initialized
[   47.148792] systemd[1]: Starting Load Kernel Modules...
[   4722396] adg CS tnsrtlas 2.0-870.
         Starting Load Kernel Modules...
[   47.736057] systemd[1]: Starting Create list of required static device nodes for the current kernel...
[   47.777039] iscsi: registered transport (tcp)
         Starting Create list of required st... nodes for the current kernel...
[   47.840661] systemd[1]: Mounting Debug File System...
         Mountin[   47.952099] iscsi: registered transport (iser)
g Debug File System...
[   48.021292] systemd[1]: Reached target Swap.
[[0;32m  OK  [0m] Reached target Swap.
[   48.055871] systemd[1]: Created slice system-serial\x2dgetty.slice.
[[0;32m  OK  [0m] Created slice system-serial\x2dgetty.slice.
[   48.112985] systemd[1]: Starting Remount Root and Kernel File Systems...
[   48.159904] EXT4-fs (sda1): re-mounted. Opts: (null)
         Starting Remount Root and Kernel File Systems...
[   48.188859] systemd[1]: Reached target Slices.
[[0;32m  OK  [0m] Reached target Slices.
[   48.209119] systemd[1]: Listening on Journal Audit Socket.
[[0;32m  OK  [0m] Listening on Journal Audit Socket.
[   48.269055] systemd[1]: Starting Journal Service...
         Starting Journal Service...
[   48.379769] systemd[1]: Reached target User and Group Name Lookups.
[[0;32m  OK  [0m] Reached target User and Group Name Lookups.
[   48.411419] systemd[1]: Listening on Device-mapper event daemon FIFOs.
[[0;32m  OK  [0m] Listening on Device-mapper event daemon FIFOs.
[   48.499513] systemd[1]: Listening on LVM2 poll daemon socket.
[[0;32m  OK  [0m] Listening on LVM2 poll daemon socket.
[   48.606206] systemd[1]: Starting Monitoring of LVM2 mirrors, snapshots etc. using dmeventd or progress polling...
         Starting Monitoring of LVM2 mirrors... dmeventd or progress polling...
[   48.805387] systemd[1]: Starting Set console keymap...
         Starting Set console keymap...
[   48.866334] systemd[1]: Mounting Huge Pages File System...
         Mounting Huge Pages File System...
[   48.913280] systemd[1]: Reached target System Time Synchronized.
[[0;32m  OK  [0m] Reached target System Time Synchronized.
[   48.985339] systemd[1]: Started Trigger resolvconf update for networkd DNS.
[[0;32m  OK  [0m] Started Trigger resolvconf update for networkd DNS.
[   49.149168] systemd[1]: Listening on /dev/initctl Compatibility Named Pipe.
[[0;32m  OK  [0m] Listening on /dev/initctl Compatibility Named Pipe.
[   49.214218] systemd[1]: Mounting POSIX Message Queue File System...
         Mounting POSIX Message Queue File System...
[   49.320678] systemd[1]: Starting Uncomplicated firewall...
         Starting Uncomplicated firewall...
[   49.437443] systemd[1]: Reached target Encrypted Volumes.
[[0;32m  OK  [0m] Reached target Encrypted Volumes.
[   49.513123] systemd[1]: Set up automount Arbitrary Executable File Formats File System Automount Point.
[[0;32m  OK  [0m] Set up automount Arbitrary Executab...ats File System Automount Point.
[   49.629244] systemd[1]: Starting Nameserver information manager...
         Starting Nameserver information manager...
[   49.789961] systemd[1]: Mounted Debug File System.
[[0;32m  OK  [0m] Mounted Debug File System.
[   49.881559] systemd[1]: Mounted POSIX Message Queue File System.
[[0;32m  OK  [0m] Mounted POSIX Message Queue File System.
[   50.017068] systemd[1]: Mounted Huge Pages File System.
[[0;32m  OK  [0m] Mounted Huge Pages File System.
[   50.097868] systemd[1]: Started Journal Service.
[[0;32m  OK  [0m] Started Journal Service.
[[0;32m  OK  [0m] Started Load Kernel Modules.
[[0;32m  OK  [0m] Started Create list of required sta...ce nodes for the current kernel.
[[0;32m  OK  [0m] Started Remount Root and Kernel File Systems.
[[0;32m  OK  [0m] Started Set console keymap.
[[0;32m  OK  [0m] Started Uncomplicated firewall.
[[0;32m  OK  [0m] Started Nameserver information manager.
[[0;32m  OK  [0m] Started LVM2 metadata daemon.
         Starting Initial cloud-init job (pre-networking)...
         Starting Load/Save Random Seed...
         Starting udev Coldplug all Devices...
         Starting Create Static Device Nodes in /dev...
         Mounting FUSE Control File System...
         Starting Apply Kernel Variables...
         Starting Flush Journal to Persistent Storage...
[[0;32m  OK  [0m] Mounted FUSE Control File System.
[[0;32m  OK  [0m] Started Load/Save Random Seed.
[[0;32m  OK  [0m] Started Create Static Device Nodes in /dev.
[[0;32m  OK  [0m] Started Apply Kernel Variables.
[[0;32m  OK  [0m] Started Monitoring of LVM2 mirrors,...ng dmeventd or progress polling.
[[0;32m  OK  [0m] Started udev Coldplug all Devices.
[[0;32m  OK  [0m] Started Flush Journal to Persistent Storage.
         Starting udev Kernel Device Manager...
[[0;32m  OK  [0m] Started udev Kernel Device Manager.
[[0;32m  OK  [0m] Started Dispatch Password Requests to Console Directory Watch.
[[0;32m  OK  [0m] Reached target Local File Systems (Pre).
[[0;32m  OK  [0m] Reached target Local File Systems.
         Starting LSB: AppArmor initialization...
         Starting Set console font and keymap...
         Starting Tell Plymouth To Write Out Runtime Data...
         Starting Create Volatile Files and Directories...
[[0;32m  OK  [0m] Started Tell Plymouth To Write Out Runtime Data.
[[0;32m  OK  [0m] Started Create Volatile Files and Directories.
[[0;32m  OK  [0m] Found device /dev/ttyS0.
         Starting Update UTMP about System Boot/Shutdown...
[[0;32m  OK  [0m] Started LSB: AppArmor initialization.
[[0;32m  OK  [0m] Started Set console font and keymap.
[   23.472915] cloud-init[446]: Cloud-init v. 17.1 running 'init-local' at Wed, 04 Apr 2018 20:58:00 +0000. Up 22.63 seconds.
[[0;32m  OK  [0m] Started Update UTMP about System Boot/Shutdown.
[[0;32m  OK  [0m] Started Initial cloud-init job (pre-networking).
[[0;32m  OK  [0m] Listening on Load/Save RF Kill Switch Status /dev/rfkill Watch.
[[0;32m  OK  [0m] Reached target Network (Pre).
[[0;32m  OK  [0m] Started ifup for enp0s3.
[[0;32m  OK  [0m] Started ifup for enp0s8.
[[0;32m  OK  [0m] Created slice system-getty.slice.
         Starting Raise network interfaces...
[[0;32m  OK  [0m] Started Raise network interfaces.
[[0;32m  OK  [0m] Reached target Network.
         Starting Initial cloud-init job (metadata service crawler)...
[   26.872381] cloud-init[1089]: Cloud-init v. 17.1 running 'init' at Wed, 04 Apr 2018 20:58:04 +0000. Up 26.46 seconds.
[   26.956916] cloud-init[1089]: ci-info: ++++++++++++++++++++++++++++++++++++++Net device info++++++++++++++++++++++++++++++++++++++
[[0;32m  OK  [0m] Started Initial cloud-init job (metadata service crawler).
[   26.957286] cloud-init[1089]: ci-info: +--------+------+-----------------------------+---------------+-------+-------------------+
[   27.700744] cloud-init[1089]: ci-info: | Device |  Up  |           Address           |      Mask     | Scope |     Hw-Address    |
[[0;32m  OK  [0m] Reached target System Initialization.
[[0;32m  OK  [0m] Listening on D-Bus System Message Bus Socket.
[   27.702726] cloud-init[1089]: ci-info: +--------+------+-----------------------------+---------------+-------+-------------------+
[   27.989711] cloud-init[1089]: ci-info: | enp0s3 | True |          10.0.2.15          | 255.255.255.0 |   .   | 02:24:89:81:87:2f |
         Starting Socket activation for snappy daemon.
[   27.990888] cloud-init[1089]: ci-info: | enp0s3 | True |  fe80::24:89ff:fe81:872f/64 |       .       |  link | 02:24:89:81:87:2f |
[   28.248707] cloud-init[1089]: ci-info: | enp0s8 | True |         172.16.0.120        | 255.255.255.0 |   .   | 08:00:27:43:81:1e |
[   28.249571] cloud-init[1089]: ci-info: | enp0s8 | True | fe80::a00:27ff:fe43:811e/64 |       .       |  link | 08:00:27:43:81:1e |
[[0;32m  OK  [0m] Started ACPI Events Check.
[   28.250202] cloud-init[1089]: ci-info: |   lo   | True |          127.0.0.1          |   255.0.0.0   |   .   |         .         |
[   28.546026] cloud-init[1089]: ci-info: |   lo   | True |           ::1/128           |       .       |  host |         .         |
[[0;32m  OK  [0m] Reached target Paths.
[   28.546233] cloud-init[1089]: ci-info: +--------+------+-----------------------------+---------------+-------+-------------------+
[   28.957035] cloud-init[1089]: ci-info: +++++++++++++++++++++++++++Route IPv4 info++++++++++++++++++++++++++++
         Starting LXD - unix socket.
[   28.957825] cloud-init[1089]: ci-info: +-------+-------------+----------+---------------+-----------+-------+
[   29.076807] cloud-init[1089]: ci-info: | Route | Destination | Gateway  |    Genmask    | Interface | Flags |
[   29.077633] cloud-init[1089]: ci-info: +-------+-------------+----------+---------------+-----------+-------+
[[0;32m  OK  [0m] Started Timer to automatically refresh installed snaps.
[   29.079170] [cloud-init[0;32m  OK  [0m[1089]: ] ci-info: |   0   |   0.0.0.0   | 10.0.2.2 |    0.0.0.0    |   enp0s3  |   UG  |Listening on UUID daemon activation socket.

[   29.484563] cloud-init[1089]: ci-info: |   1   |   10.0.2.0  | 0.0.0.0  | 255.255.255.0 |   enp0s3  |   U   |
[   29.485260] cloud-init[1089]: ci-info: |   2   |  172.16.0.0 | 0.0.0.0  | 255.255.255.0 |   enp0s8  |   U   |
[   29.485326] cloud-init[1089]: ci-info: +-------+-------------+----------+---------------+-----------+-------+
[[0;32m  OK  [0m] Started Daily apt download activities.
[[0;32m  OK  [0m] Started Daily apt upgrade and clean activities.
[[0;32m  OK  [0m] Started Daily Cleanup of Temporary Directories.
[[0;32m  OK  [0m] Reached target Timers.
[[0;32m  OK  [0m] Listening on ACPID Listen Socket.
[[0;32m  OK  [0m] Reached target Cloud-config availability.
[[0;32m  OK  [0m] Reached target Network is Online.
         Starting iSCSI initiator daemon (iscsid)...
[[0;32m  OK  [0m] Listening on Socket activation for snappy daemon.
[[0;32m  OK  [0m] Listening on LXD - unix socket.
[[0;32m  OK  [0m] Started iSCSI initiator daemon (iscsid).
         Starting Login to default iSCSI targets...
[[0;32m  OK  [0m] Reached target Sockets.
[[0;32m  OK  [0m] Reached target Basic System.
[[0;32m  OK  [0m] Started ACPI event daemon.
         Starting Login Service...
         Starting System Logging Service...
[[0;32m  OK  [0m] Started FUSE filesystem for LXC.
         Starting /etc/rc.local Compatibility...
[[0;32m  OK  [0m] Started D-Bus System Message Bus.
[[0;32m  OK  [0m] Started Regular background program processing daemon.
         Starting LXD - container startup/shutdown...
         Starting Apply the settings specified in cloud-config...
[[0;32m  OK  [0m] Started Unattended Upgrades Shutdown.
         Starting Accounts Service...
         Starting OpenBSD Secure Shell server...
         Starting Snappy daemon...
[[0;32m  OK  [0m] Started Deferred execution scheduler.
         Starting vboxadd.service...
         Starting LSB: Record successful boot for GRUB...
         Starting LSB: MD monitoring daemon...
[[0;32m  OK  [0m] Started System Logging Service.
[[0;32m  OK  [0m] Started OpenBSD Secure Shell server.
[[0;32m  OK  [0m] Started /etc/rc.local Compatibility.
[[0;32m  OK  [0m] Started LXD - container startup/shutdown.
[[0;32m  OK  [0m] Started Snappy daemon.
[[0;32m  OK  [0m] Started Login to default iSCSI targets.
[[0;32m  OK  [0m] Started vboxadd.service.
[[0;32m  OK  [0m] Started LSB: Record successful boot for GRUB.
[[0;32m  OK  [0m] Started LSB: MD monitoring daemon.
[[0;32m  OK  [0m] Started Login Service.
         Starting Authenticate and Authorize Users to Run Privileged Tasks...
         Starting vboxadd-service.service...
[[0;32m  OK  [0m] Reached target Remote File Systems (Pre).
[[0;32m  OK  [0m] Reached target Remote File Systems.
         Starting LSB: Apache2 web server...
         Starting Permit User Sessions...
         Starting LSB: daemon to balance interrupts for SMP systems...
         Starting LSB: automatic crash report generation...
         Starting LSB: Set the CPU Frequency Scaling governor to "ondemand"...
[[0;32m  OK  [0m] Started vboxadd-service.service.
[[0;32m  OK  [0m] Started Permit User Sessions.
[[0;32m  OK  [0m] Started Authenticate and Authorize Users to Run Privileged Tasks.
[[0;32m  OK  [0m] Started Accounts Service.
[   32.061673] cloud-init[1171]: Cloud-init v. 17.1 running 'modules:config' at Wed, 04 Apr 2018 20:58:10 +0000. Up 31.73 seconds.
[[0;32m  OK  [0m] Started Apply the settings specified in cloud-config.
[[0;32m  OK  [0m] Created slice User Slice of vagrant.
         Starting User Manager for UID 1000...
[[0;32m  OK  [0m] Started Session 1 of user vagrant.
         Starting Hold until boot process finishes up...
         Starting Terminate Plymouth Boot Screen...
[[0;32m  OK  [0m] Started User Manager for UID 1000.
[[0;32m  OK  [0m] Started LSB: daemon to balance interrupts for SMP systems.
[[0;32m  OK  [0m] Started LSB: automatic crash report generation.
[[0;32m  OK  [0m] Started LSB: Set the CPU Frequency Scaling governor to "ondemand".
[[0;32m  OK  [0m] Started Hold until boot process finishes up.
[[0;32m  OK  [0m] Started Terminate Plymouth Boot Screen.
[[0;32m  OK  [0m] Started Serial Getty on ttyS0.
[[0;32m  OK  [0m] Started Getty on tty1.
[[0;32m  OK  [0m] Reached target Login Prompts.
         Starting Set console scheme...
[[0;32m  OK  [0m] Started Set console scheme.
[[0;32m  OK  [0m] Started LSB: Apache2 web server.
[[0;32m  OK  [0m] Reached target Multi-User System.
[[0;32m  OK  [0m] Reached target Graphical Interface.
         Starting Execute cloud user/final scripts...
         Starting Update UTMP about System Runlevel Changes...
[[0;32m  OK  [0m] Started Update UTMP about System Runlevel Changes.
[   33.970493] cloud-init[1489]: Cloud-init v. 17.1 running 'modules:final' at Wed, 04 Apr 2018 20:58:12 +0000. Up 33.81 seconds.
[   34.064869] cloud-init[1489]: Cloud-init v. 17.1 finished at Wed, 04 Apr 2018 20:58:12 +0000. Datasource DataSourceNoCloud [seed=/dev/sdb][dsmode=net].  Up 33.96 seconds
[[0;32m  OK  [0m] Started Execute cloud user/final scripts.
[[0;32m  OK  [0m] Reached target Cloud-init target.

Ubuntu 16.04.4 LTS srv-eva1 ttyS0

srv-eva1 login: 